// Jest Snapshot v1, https://goo.gl/fbAQLP

exports[`pruebas en counter app pruebas de render en primera app 1`] = `
<Fragment>
  <h1>
    hola mundo
  </h1>
  <p>
    8
  </p>
  <button
    onClick={[Function]}
  >
    +1
  </button>
  <button
    onClick={[Function]}
  >
    reset
  </button>
  <button
    onClick={[Function]}
  >
    -1
  </button>
</Fragment>
`;
